[easetemplate.com/borrow/index.html]
[easetemplate.com/borrow/assets/images/apple-touch-icon.png]
[easetemplate.com/borrow/assets/images/favicon-32x32.png]
[easetemplate.com/borrow/assets/images/favicon-16x16.png]
[easetemplate.com/borrow/assets/libs/bootstrap-icons/font/bootstrap-icons.css]
[easetemplate.com/borrow/assets/libs/tiny-slider/dist/tiny-slider.css]
[easetemplate.com/borrow/assets/libs/nouislider/dist/nouislider.min.css]
[easetemplate.com/borrow/assets/fonts/flat-font-icons/css/flaticon.css]
[easetemplate.com/borrow/assets/fonts/fontello-icons/fontello.css]
[easetemplate.com/borrow/assets/libs/magnific-popup/dist/magnific-popup.css]
[easetemplate.com/borrow/assets/libs/jquery-ui/themes/base/all.css]
[easetemplate.com/borrow/assets/libs/jquery-ui/demos/demos.css]
[backblue.gif]
[fade.gif]
[index.html]
[easetemplate.com/borrow/assets/images/brand/logo/logo.png]
[easetemplate.com/borrow/pages/index-1.html]
[easetemplate.com/borrow/pages/index-2.html]
[easetemplate.com/borrow/pages/index-3.html]
[easetemplate.com/borrow/pages/index-4-students-loan.html]
[easetemplate.com/borrow/pages/index-5-business-loan.html]
[easetemplate.com/borrow/pages/index-6.html]
[easetemplate.com/borrow/pages/index-7-borrow-bank.html]
[easetemplate.com/borrow/pages/index-8-compare-shop.html]
[easetemplate.com/borrow/pages/index-forex.html]
[easetemplate.com/borrow/pages/index-creditcards.html]
[easetemplate.com/borrow/pages/index-creditscore.html]
[easetemplate.com/borrow/pages/landing-page-car-loan.html]
[easetemplate.com/borrow/assets/css/theme.min.css]
[easetemplate.com/borrow/pages/landing-page-home-loan.html]
[easetemplate.com/borrow/pages/landing-page-refinancing.html]
[easetemplate.com/borrow/pages/landing-page-lead-generator.html]
[easetemplate.com/borrow/pages/landing-page-card.html]
[easetemplate.com/borrow/pages/loan-listing-image.html]
[easetemplate.com/borrow/pages/loan-listing-icon.html]
[easetemplate.com/borrow/pages/car-loan.html]
[easetemplate.com/borrow/pages/home-loan.html]
[easetemplate.com/borrow/pages/personal-loan.html]
[easetemplate.com/borrow/pages/education-loan.html]
[easetemplate.com/borrow/pages/credit-card-listing.html]
[easetemplate.com/borrow/pages/credit-card-single.html]
[easetemplate.com/borrow/pages/lender-listing.html]
[easetemplate.com/borrow/pages/lender-single.html]
[easetemplate.com/borrow/pages/personal-bank-account.html]
[easetemplate.com/borrow/pages/personal-bank-account-list.html]
[easetemplate.com/borrow/pages/personal-bank-account-single.html]
[easetemplate.com/borrow/pages/compare-credit-card.html]
[easetemplate.com/borrow/pages/compare-personal-loan.html]
[easetemplate.com/borrow/pages/compare-student-loan.html]
[easetemplate.com/borrow/pages/compare-loan.html]
[easetemplate.com/borrow/pages/forex-list.html]
[easetemplate.com/borrow/pages/forex-list-single.html]
[easetemplate.com/borrow/pages/loan-calculator.html]
[easetemplate.com/borrow/pages/loan-eligibility.html]
[easetemplate.com/borrow/pages/blog-listing.html]
[easetemplate.com/borrow/pages/blog-two-column.html]
[easetemplate.com/borrow/pages/blog-three-column.html]
[easetemplate.com/borrow/pages/blog-single.html]
[easetemplate.com/borrow/pages/about.html]
[easetemplate.com/borrow/pages/team.html]
[easetemplate.com/borrow/pages/faq.html]
[easetemplate.com/borrow/pages/error.html]
[easetemplate.com/borrow/pages/gallery-filter-2.html]
[easetemplate.com/borrow/pages/gallery-filter-3.html]
[easetemplate.com/borrow/pages/gallery-masonry.html]
[easetemplate.com/borrow/pages/gallery-zoom.html]
[easetemplate.com/borrow/pages/contact-us.html]
[easetemplate.com/borrow/docs/index.html]
[easetemplate.com/borrow/assets/images/slider/slider-1.jpg]
[easetemplate.com/borrow/assets/images/slider/slider-2.jpg]
[easetemplate.com/borrow/assets/images/slider/slider-3.jpg]
[easetemplate.com/borrow/assets/images/svg/mortgage.svg]
[easetemplate.com/borrow/assets/images/svg/loan.svg]
[easetemplate.com/borrow/assets/images/svg/car.svg]
[easetemplate.com/borrow/assets/images/svg/credit-card.svg]
[easetemplate.com/borrow/assets/images/svg/piggy-bank.svg]
[easetemplate.com/borrow/assets/images/avatar/avatar-1.jpg]
[easetemplate.com/borrow/assets/images/avatar/avatar-2.jpg]
[easetemplate.com/borrow/assets/images/avatar/avatar-4.jpg]
[easetemplate.com/borrow/assets/images/brand/company-logo/logo-1.jpg]
[easetemplate.com/borrow/assets/images/brand/company-logo/logo-2.jpg]
[easetemplate.com/borrow/assets/images/brand/company-logo/logo-3.jpg]
[easetemplate.com/borrow/assets/images/brand/company-logo/logo-4.jpg]
[easetemplate.com/borrow/assets/images/brand/company-logo/logo-5.jpg]
[easetemplate.com/borrow/blog-single.html]
[easetemplate.com/borrow/assets/images/blog/blog-img.jpg]
[easetemplate.com/borrow/assets/images/blog/blog-img-1.jpg]
[easetemplate.com/borrow/assets/images/blog/blog-img-2.jpg]
[easetemplate.com/borrow/assets/images/brand/company-logo/ft-logo.png]
[easetemplate.com/borrow/assets/libs/jquery/dist/jquery.min.js]
[easetemplate.com/borrow/assets/libs/bootstrap/dist/js/bootstrap.bundle.min.js]
[easetemplate.com/borrow/assets/libs/tiny-slider/dist/min/tiny-slider.js]
[easetemplate.com/borrow/assets/libs/nouislider/dist/nouislider.min.js]
[easetemplate.com/borrow/assets/libs/wnumb/wNumb.min.js]
[easetemplate.com/borrow/assets/libs/magnific-popup/dist/jquery.magnific-popup.min.js]
[easetemplate.com/borrow/assets/libs/isotope-layout/dist/isotope.pkgd.min.js]
[easetemplate.com/borrow/assets/libs/imagesloaded/imagesloaded.pkgd.min.js]
[easetemplate.com/borrow/assets/libs/prismjs/prism.js]
[cdnjs.cloudflare.com/ajax/libs/clipboard.js/1.5.12/clipboard.min.js]
[easetemplate.com/borrow/index.html]
[easetemplate.com/borrow/assets/images/apple-touch-icon.html]
[easetemplate.com/borrow/assets/images/favicon-32x32.html]
[easetemplate.com/borrow/assets/images/favicon-16x16.html]
[easetemplate.com/borrow/assets/js/theme.min.js]
[easetemplate.com/borrow/assets/libs/bootstrap-icons/font/fonts/bootstrap-icons63f3.woff2]
[easetemplate.com/borrow/assets/libs/bootstrap-icons/font/fonts/bootstrap-icons63f3.woff]
[easetemplate.com/borrow/assets/libs/bootstrap-icons/font/bootstrap-icons.css]
[easetemplate.com/borrow/assets/libs/tiny-slider/dist/tiny-slider.css]
[easetemplate.com/borrow/assets/libs/nouislider/dist/nouislider.min.css]
[easetemplate.com/borrow/assets/fonts/flat-font-icons/fonts/Flaticon.eot]
[easetemplate.com/borrow/assets/fonts/flat-font-icons/fonts/Flaticond41d.eot]
[easetemplate.com/borrow/assets/fonts/flat-font-icons/fonts/Flaticon.woff]
[easetemplate.com/borrow/assets/fonts/flat-font-icons/fonts/Flaticon.ttf]
[easetemplate.com/borrow/assets/fonts/flat-font-icons/css/flaticon.css]
[easetemplate.com/borrow/assets/fonts/flat-font-icons/fonts/Flaticon.svg]
[easetemplate.com/borrow/assets/fonts/fontello-icons/fontello-font/fontelloeeb8.eot]
[easetemplate.com/borrow/assets/fonts/fontello-icons/fontello-font/fontelloeeb8.woff2]
[easetemplate.com/borrow/assets/fonts/fontello-icons/fontello-font/fontelloeeb8.woff]
[easetemplate.com/borrow/assets/fonts/fontello-icons/fontello-font/fontelloeeb8.ttf]
[easetemplate.com/borrow/assets/fonts/fontello-icons/fontello.css]
[easetemplate.com/borrow/assets/libs/magnific-popup/dist/magnific-popup.css]
[easetemplate.com/borrow/assets/libs/jquery-ui/themes/base/base.css]
[easetemplate.com/borrow/assets/fonts/fontello-icons/fontello-font/fontelloeeb8.svg]
[easetemplate.com/borrow/assets/libs/jquery-ui/themes/base/all.css]
[easetemplate.com/borrow/assets/libs/jquery-ui/demos/demos.css]
[easetemplate.com/borrow/assets/libs/jquery-ui/themes/base/theme.css]
[easetemplate.com/borrow/assets/css/theme.min.css]
[cdnjs.cloudflare.com/ajax/libs/font-awesome/5.15.3/css/all.min.css]
[easetemplate.com/borrow/assets/images/background/cta-img.jpg]
[easetemplate.com/borrow/pages/index-1.html]
[easetemplate.com/borrow/pages/index-2.html]
[easetemplate.com/borrow/assets/images/avatar/avatar-3.jpg]
[easetemplate.com/borrow/pages/index-3.html]
[easetemplate.com/borrow/assets/images/slider/student-slider-1.jpg]
[easetemplate.com/borrow/assets/images/slider/student-slider-2.jpg]
[easetemplate.com/borrow/assets/images/slider/student-slider-3.jpg]
[easetemplate.com/borrow/pages/index-4-students-loan.html]
[easetemplate.com/borrow/assets/images/slider/business-slider-1.jpg]
[easetemplate.com/borrow/assets/images/slider/business-slider-2.jpg]
[easetemplate.com/borrow/assets/images/slider/business-slider-3.jpg]
[easetemplate.com/borrow/assets/images/background/business-loan-about.jpg]
[easetemplate.com/borrow/assets/images/brand/company-logo/lender-logo-1.png]
[easetemplate.com/borrow/assets/images/brand/company-logo/lender-logo-2.png]
[easetemplate.com/borrow/assets/images/brand/company-logo/lender-logo-3.png]
[easetemplate.com/borrow/assets/images/brand/company-logo/lender-logo-4.png]
[easetemplate.com/borrow/pages/index-5-business-loan.html]
[easetemplate.com/borrow/assets/images/background/process-img-1.jpg]
[easetemplate.com/borrow/assets/images/background/process-img-2.jpg]
[easetemplate.com/borrow/assets/images/background/process-img-3.jpg]
[easetemplate.com/borrow/assets/images/brand/company-logo/logo-big-1.png]
[easetemplate.com/borrow/assets/images/brand/company-logo/logo-big-2.png]
[easetemplate.com/borrow/assets/images/brand/company-logo/logo-big-3.png]
[easetemplate.com/borrow/assets/images/brand/company-logo/logo-big-4.png]
[easetemplate.com/borrow/pages/index-6.html]
[easetemplate.com/borrow/assets/images/slider/slider-6.jpg]
[easetemplate.com/borrow/assets/images/slider/slider-5.jpg]
[easetemplate.com/borrow/assets/images/slider/slider-4.jpg]
[easetemplate.com/borrow/assets/images/background/tab-img-1.png]
[easetemplate.com/borrow/assets/images/background/tab-img-2.png]
[easetemplate.com/borrow/assets/images/background/tab-img-3.png]
[easetemplate.com/borrow/assets/images/blog/post-thumb-img-1.jpg]
[easetemplate.com/borrow/assets/images/blog/post-thumb-img-2.jpg]
[easetemplate.com/borrow/assets/images/blog/post-thumb-img-3.jpg]
[easetemplate.com/borrow/assets/images/background/cta-img-4.jpg]
[easetemplate.com/borrow/assets/images/png/app-store-img.png]
[easetemplate.com/borrow/assets/images/png/google-play-img.png]
[easetemplate.com/borrow/pages/index-7-borrow-bank.html]
[easetemplate.com/borrow/assets/images/svg/homeloan-icon.svg]
[easetemplate.com/borrow/assets/images/svg/personal-loans-icon.svg]
[easetemplate.com/borrow/assets/images/svg/creditcard-icon.svg]
[easetemplate.com/borrow/assets/images/svg/insurance-icon.svg]
[easetemplate.com/borrow/assets/images/svg/debt-relief-icon.svg]
[easetemplate.com/borrow/assets/images/svg/student-loans-icon.svg]
[easetemplate.com/borrow/assets/images/svg/graphics-1.svg]
[easetemplate.com/borrow/assets/images/svg/graphics-2.svg]
[easetemplate.com/borrow/assets/images/svg/graphics-3.svg]
[easetemplate.com/borrow/assets/images/blog/ft-post.jpg]
[easetemplate.com/borrow/assets/images/blog/small-post-1.jpg]
[easetemplate.com/borrow/assets/images/blog/small-post-2.jpg]
[easetemplate.com/borrow/assets/images/blog/small-post-3.jpg]
[easetemplate.com/borrow/pages/index-8-compare-shop.html]
[easetemplate.com/borrow/assets/images/svg/shield.svg]
[easetemplate.com/borrow/assets/images/svg/hero-forex.svg]
[easetemplate.com/borrow/assets/images/svg/halfstar.svg]
[easetemplate.com/borrow/assets/images/png/trustpilot.png]
[easetemplate.com/borrow/assets/images/background/half-img.jpg]
[easetemplate.com/borrow/assets/images/icon/forex-icon-1.svg]
[easetemplate.com/borrow/assets/images/icon/forex-icon-2.svg]
[easetemplate.com/borrow/assets/images/icon/forex-icon-3.svg]
[easetemplate.com/borrow/assets/images/icon/forex-icon-4.svg]
[easetemplate.com/borrow/assets/images/icon/forex-icon-5.svg]
[easetemplate.com/borrow/assets/images/icon/forex-icon-6.svg]
[easetemplate.com/borrow/pages/index-forex.html]
[easetemplate.com/borrow/assets/images/svg/graphics-4.svg]
[easetemplate.com/borrow/assets/images/svg/graphics-5.svg]
[easetemplate.com/borrow/assets/images/background/hero-creditcard.jpg]
[easetemplate.com/borrow/assets/images/icon/credit-card-icon-3.svg]
[easetemplate.com/borrow/assets/images/icon/credit-card-icon-1.svg]
[easetemplate.com/borrow/assets/images/icon/credit-card-icon-9.svg]
[easetemplate.com/borrow/assets/images/icon/credit-card-icon-7.svg]
[easetemplate.com/borrow/assets/images/icon/credit-card-icon-10.svg]
[easetemplate.com/borrow/assets/images/icon/credit-card-icon-2.svg]
[easetemplate.com/borrow/assets/images/icon/credit-card-icon-4.svg]
[easetemplate.com/borrow/assets/images/icon/credit-card-icon-6.svg]
[easetemplate.com/borrow/assets/images/brand/company-logo/bloomberg.png]
[easetemplate.com/borrow/assets/images/brand/company-logo/entrepreneur.png]
[easetemplate.com/borrow/assets/images/brand/company-logo/new_york_times.png]
[easetemplate.com/borrow/assets/images/brand/company-logo/wall_street_journal.png]
[easetemplate.com/borrow/assets/images/svg/note.svg]
[easetemplate.com/borrow/assets/images/svg/card-group.svg]
[easetemplate.com/borrow/assets/images/svg/card.svg]
[easetemplate.com/borrow/assets/images/icon/credit-card-icon-13.svg]
[easetemplate.com/borrow/assets/images/icon/credit-card-icon-11.svg]
[easetemplate.com/borrow/assets/images/background/credit-img.jpg]
[easetemplate.com/borrow/assets/images/png/card-1.png]
[easetemplate.com/borrow/assets/images/png/card-2.png]
[easetemplate.com/borrow/assets/images/png/card-3.png]
[easetemplate.com/borrow/pages/index-creditcards.html]
[easetemplate.com/borrow/assets/images/background/hero-creditstore.png]
[easetemplate.com/borrow/assets/images/icon/icon-1.svg]
[easetemplate.com/borrow/assets/images/icon/icon-2.svg]
[easetemplate.com/borrow/assets/images/icon/icon-3.svg]
[easetemplate.com/borrow/assets/images/icon/icon-4.svg]
[easetemplate.com/borrow/assets/images/svg/dougnut-small.svg]
[easetemplate.com/borrow/assets/images/svg/eligibility.svg]
[easetemplate.com/borrow/assets/images/svg/preapproval.svg]
[easetemplate.com/borrow/assets/images/svg/guaranteed.svg]
[easetemplate.com/borrow/pages/index-creditscore.html]
[easetemplate.com/borrow/assets/images/svg/fullstar.svg]
[easetemplate.com/borrow/assets/images/background/lp-car-image.jpg]
[easetemplate.com/borrow/assets/images/background/lp-feature-img.jpg]
[easetemplate.com/borrow/pages/landing-page-car-loan.html]
[easetemplate.com/borrow/assets/images/background/home-loan-lp.jpg]
[easetemplate.com/borrow/pages/landing-page-home-loan.html]
[easetemplate.com/borrow/assets/images/background/hero-img-2.jpg]
[easetemplate.com/borrow/assets/images/background/cta-img-3.jpg]
[easetemplate.com/borrow/pages/landing-page-refinancing.html]
[easetemplate.com/borrow/assets/images/background/lead-hero-img.jpg]
[easetemplate.com/borrow/assets/images/background/counter-wrapper.jpg]
[easetemplate.com/borrow/assets/images/png/currency-icon.png]
[easetemplate.com/borrow/assets/images/png/24-hours-icon.png]
[easetemplate.com/borrow/assets/images/png/shield-icon.png]
[easetemplate.com/borrow/assets/images/png/loan-icon-1.png]
[easetemplate.com/borrow/assets/images/png/loan-icon-2.png]
[easetemplate.com/borrow/assets/images/png/loan-icon-3.png]
[easetemplate.com/borrow/assets/images/png/loan-icon-4.png]
[easetemplate.com/borrow/assets/images/png/loan-icon-5.png]
[easetemplate.com/borrow/assets/images/png/loan-icon-6.png]
[easetemplate.com/borrow/pages/landing-page-lead-generator.html]
[easetemplate.com/borrow/assets/images/png/card-img-1.png]
[easetemplate.com/borrow/assets/images/background/cta-img-2.jpg]
[easetemplate.com/borrow/pages/index.html]
[easetemplate.com/borrow/pages/landing-page-card.html]
[easetemplate.com/borrow/assets/images/background/page-header.jpg]
[easetemplate.com/borrow/assets/images/blog/blog-img-3.jpg]
[easetemplate.com/borrow/assets/images/blog/blog-img-4.jpg]
[easetemplate.com/borrow/assets/images/blog/blog-img-5.jpg]
[easetemplate.com/borrow/pages/loan-listing-image.html]
[easetemplate.com/borrow/pages/loan-listing-icon.html]
[easetemplate.com/borrow/pages/car-loan.html]
[easetemplate.com/borrow/pages/home-loan.html]
[easetemplate.com/borrow/pages/personal-loan.html]
[easetemplate.com/borrow/pages/education-loan.html]
[easetemplate.com/borrow/assets/images/png/card-4.png]
[easetemplate.com/borrow/assets/images/png/card-5.png]
[easetemplate.com/borrow/assets/images/png/card-6.png]
[easetemplate.com/borrow/pages/credit-card-listing.html]
[easetemplate.com/borrow/pages/credit-card-single.html]
[easetemplate.com/borrow/assets/images/png/lender-small-1.png]
[easetemplate.com/borrow/assets/images/png/lender-small-2.png]
[easetemplate.com/borrow/assets/images/png/lender-small-3.png]
[easetemplate.com/borrow/assets/images/png/lender-small-4.png]
[easetemplate.com/borrow/assets/images/png/lender-small-5.png]
[easetemplate.com/borrow/assets/images/png/lender-small-6.png]
[easetemplate.com/borrow/pages/lender-listing.html]
[easetemplate.com/borrow/assets/images/png/lender-logo-1.png]
[easetemplate.com/borrow/pages/lender-single.html]
[easetemplate.com/borrow/pages/personal-bank-account.html]
[easetemplate.com/borrow/pages/personal-bank-account-list.html]
[easetemplate.com/borrow/assets/images/background/saving-img.jpg]
[easetemplate.com/borrow/pages/personal-bank-account-single.html]
[easetemplate.com/borrow/pages/compare-credit-card.html]
[easetemplate.com/borrow/assets/images/brand/company-logo/company-logo-1.png]
[easetemplate.com/borrow/assets/images/brand/company-logo/company-logo-2.png]
[easetemplate.com/borrow/assets/images/brand/company-logo/company-logo-3.png]
[easetemplate.com/borrow/assets/images/brand/company-logo/company-logo-4.png]
[easetemplate.com/borrow/assets/images/brand/company-logo/company-logo-5.png]
[easetemplate.com/borrow/pages/compare-personal-loan.html]
[easetemplate.com/borrow/pages/compare-student-loan.html]
[easetemplate.com/borrow/pages/compare-loan.html]
[easetemplate.com/borrow/assets/images/svg/borrowforex-logo.svg]
[easetemplate.com/borrow/assets/images/png/small-graph.png]
[easetemplate.com/borrow/assets/images/png/wire_transfer.png]
[easetemplate.com/borrow/assets/images/png/cards.png]
[easetemplate.com/borrow/assets/images/png/FasaPay.png]
[easetemplate.com/borrow/assets/images/png/skrill.png]
[easetemplate.com/borrow/assets/images/png/neteller.png]
[easetemplate.com/borrow/assets/images/png/bitcoin.png]
[easetemplate.com/borrow/assets/images/png/ethereum.png]
[easetemplate.com/borrow/assets/images/png/sofort.png]
[easetemplate.com/borrow/assets/images/png/webmoney.png]
[easetemplate.com/borrow/assets/images/svg/bm-maket-logo.svg]
[easetemplate.com/borrow/assets/images/svg/trade-x-logo.svg]
[easetemplate.com/borrow/pages/forex-list.html]
[easetemplate.com/borrow/pages/forex-list-single.html]
[easetemplate.com/borrow/pages/loan-calculator.html]
[easetemplate.com/borrow/pages/loan-eligibility.html]
[easetemplate.com/borrow/assets/images/svg/forex-think-logo.svg]
[easetemplate.com/borrow/assets/images/blog/blog-post-1.jpg]
[easetemplate.com/borrow/assets/images/blog/blog-post-2.jpg]
[easetemplate.com/borrow/assets/images/blog/blog-post-3.jpg]
[easetemplate.com/borrow/assets/images/blog/blog-post-4.jpg]
[easetemplate.com/borrow/assets/images/blog/recent-img-1.jpg]
[easetemplate.com/borrow/assets/images/blog/recent-img-2.jpg]
[easetemplate.com/borrow/assets/images/blog/recent-img-3.jpg]
[easetemplate.com/borrow/pages/blog-listing.html]
[easetemplate.com/borrow/pages/blog-two-column.html]
[easetemplate.com/borrow/pages/blog-three-column.html]
[easetemplate.com/borrow/assets/images/blog/related-img-1.jpg]
[easetemplate.com/borrow/assets/images/blog/related-img-2.jpg]
[easetemplate.com/borrow/pages/blog-single.html]
[easetemplate.com/borrow/pages/about.html]
[easetemplate.com/borrow/assets/images/team/team1.jpg]
[easetemplate.com/borrow/assets/images/team/team2.jpg]
[easetemplate.com/borrow/assets/images/team/team3.jpg]
[easetemplate.com/borrow/assets/images/team/team4.jpg]
[easetemplate.com/borrow/assets/images/team/team5.jpg]
[easetemplate.com/borrow/assets/images/team/team6.jpg]
[easetemplate.com/borrow/assets/images/team/team7.jpg]
[easetemplate.com/borrow/assets/images/team/team8.jpg]
[easetemplate.com/borrow/assets/images/team/team9.jpg]
[easetemplate.com/borrow/pages/team.html]
[easetemplate.com/borrow/pages/faq.html]
[easetemplate.com/borrow/assets/images/background/error-img.png]
[easetemplate.com/borrow/pages/error.html]
[easetemplate.com/borrow/assets/images/blog/blog-post-5.jpg]
[easetemplate.com/borrow/assets/images/blog/blog-post-6.jpg]
[easetemplate.com/borrow/pages/gallery-filter-2.html]
[easetemplate.com/borrow/pages/gallery-filter-3.html]
[easetemplate.com/borrow/assets/images/background/masonry-1.jpg]
[easetemplate.com/borrow/assets/images/background/masonry-2.jpg]
[easetemplate.com/borrow/assets/images/background/masonry-3.jpg]
[easetemplate.com/borrow/assets/images/background/masonry-4.jpg]
[easetemplate.com/borrow/assets/images/background/masonry-5.jpg]
[easetemplate.com/borrow/assets/images/background/masonry-6.jpg]
[easetemplate.com/borrow/pages/gallery-masonry.html]
[easetemplate.com/borrow/assets/images/background/zoom-1.jpg]
[easetemplate.com/borrow/assets/images/background/zoom-small-1.jpg]
[easetemplate.com/borrow/assets/images/background/zoom-2.jpg]
[easetemplate.com/borrow/assets/images/background/zoom-small-2.jpg]
[easetemplate.com/borrow/assets/images/background/zoom-3.jpg]
[easetemplate.com/borrow/assets/images/background/zoom-small-3.jpg]
[easetemplate.com/borrow/assets/images/background/zoom-4.jpg]
[easetemplate.com/borrow/assets/images/background/zoom-small-4.jpg]
[easetemplate.com/borrow/pages/gallery-zoom.html]
[easetemplate.com/borrow/pages/contact-us.html]
[easetemplate.com/borrow/docs/gulp.html]
[easetemplate.com/borrow/docs/filestructure.html]
[easetemplate.com/borrow/docs/index.html]
[easetemplate.com/borrow/assets/images/svg/mortgage.svg]
[easetemplate.com/borrow/assets/images/svg/loan.svg]
[easetemplate.com/borrow/assets/images/svg/car.svg]
[easetemplate.com/borrow/assets/images/svg/credit-card.svg]
[easetemplate.com/borrow/assets/images/svg/piggy-bank.svg]
[easetemplate.com/borrow/blog-single.html]
[easetemplate.com/borrow/assets/fonts/flat-font-icons/fonts/Flaticon.svg]
[easetemplate.com/borrow/assets/fonts/fontello-icons/fontello-font/fontelloeeb8.svg]
[easetemplate.com/borrow/docs/changelog.html]
[easetemplate.com/borrow/assets/libs/jquery-ui/themes/base/core.css]
[easetemplate.com/borrow/assets/libs/jquery-ui/themes/base/accordion.css]
[easetemplate.com/borrow/assets/libs/jquery-ui/themes/base/autocomplete.css]
[easetemplate.com/borrow/assets/libs/jquery-ui/themes/base/button.css]
[easetemplate.com/borrow/assets/libs/jquery-ui/themes/base/checkboxradio.css]
[easetemplate.com/borrow/assets/libs/jquery-ui/themes/base/controlgroup.css]
[easetemplate.com/borrow/assets/libs/jquery-ui/themes/base/datepicker.css]
[easetemplate.com/borrow/assets/libs/jquery-ui/themes/base/dialog.css]
[easetemplate.com/borrow/assets/libs/jquery-ui/themes/base/draggable.css]
[easetemplate.com/borrow/assets/libs/jquery-ui/themes/base/menu.css]
[easetemplate.com/borrow/assets/libs/jquery-ui/themes/base/progressbar.css]
[easetemplate.com/borrow/assets/libs/jquery-ui/themes/base/resizable.css]
[easetemplate.com/borrow/assets/libs/jquery-ui/themes/base/selectable.css]
[easetemplate.com/borrow/assets/libs/jquery-ui/themes/base/selectmenu.css]
[easetemplate.com/borrow/assets/libs/jquery-ui/themes/base/sortable.css]
[easetemplate.com/borrow/assets/libs/jquery-ui/themes/base/slider.css]
[easetemplate.com/borrow/assets/libs/jquery-ui/themes/base/spinner.css]
[easetemplate.com/borrow/assets/libs/jquery-ui/themes/base/tabs.css]
[easetemplate.com/borrow/assets/libs/jquery-ui/themes/base/base.css]
[easetemplate.com/borrow/assets/libs/jquery-ui/themes/base/tooltip.css]
[easetemplate.com/borrow/assets/libs/jquery-ui/themes/base/images/ui-icons_444444_256x240.png]
[easetemplate.com/borrow/assets/libs/jquery-ui/themes/base/images/ui-icons_555555_256x240.png]
[easetemplate.com/borrow/assets/libs/jquery-ui/themes/base/images/ui-icons_ffffff_256x240.png]
[easetemplate.com/borrow/assets/libs/jquery-ui/themes/base/images/ui-icons_777620_256x240.png]
[easetemplate.com/borrow/assets/libs/jquery-ui/themes/base/images/ui-icons_cc0000_256x240.png]
[easetemplate.com/borrow/assets/libs/jquery-ui/themes/base/images/ui-icons_777777_256x240.png]
[easetemplate.com/borrow/assets/libs/jquery-ui/themes/base/theme.css]
[cdnjs.cloudflare.com/ajax/libs/font-awesome/5.15.3/css/all.min.css]
[easetemplate.com/borrow/assets/images/svg/homeloan-icon.svg]
[easetemplate.com/borrow/assets/images/svg/personal-loans-icon.svg]
[easetemplate.com/borrow/assets/images/svg/creditcard-icon.svg]
[easetemplate.com/borrow/assets/images/svg/insurance-icon.svg]
[easetemplate.com/borrow/assets/images/svg/debt-relief-icon.svg]
[easetemplate.com/borrow/assets/images/svg/student-loans-icon.svg]
[easetemplate.com/borrow/assets/images/svg/graphics-1.svg]
[easetemplate.com/borrow/assets/images/svg/graphics-2.svg]
[easetemplate.com/borrow/assets/images/svg/graphics-3.svg]
[easetemplate.com/borrow/assets/images/svg/shield.svg]
[easetemplate.com/borrow/assets/images/svg/hero-forex.svg]
[easetemplate.com/borrow/assets/images/svg/halfstar.svg]
[easetemplate.com/borrow/assets/images/icon/forex-icon-1.svg]
[easetemplate.com/borrow/assets/images/icon/forex-icon-2.svg]
[easetemplate.com/borrow/assets/images/icon/forex-icon-3.svg]
[easetemplate.com/borrow/assets/images/icon/forex-icon-4.svg]
[easetemplate.com/borrow/assets/images/icon/forex-icon-5.svg]
[easetemplate.com/borrow/assets/images/icon/forex-icon-6.svg]
[easetemplate.com/borrow/assets/images/svg/graphics-4.svg]
[easetemplate.com/borrow/assets/images/svg/graphics-5.svg]
[easetemplate.com/borrow/assets/images/icon/credit-card-icon-3.svg]
[easetemplate.com/borrow/assets/images/icon/credit-card-icon-1.svg]
[easetemplate.com/borrow/assets/images/icon/credit-card-icon-9.svg]
[easetemplate.com/borrow/assets/images/icon/credit-card-icon-7.svg]
[easetemplate.com/borrow/assets/images/icon/credit-card-icon-10.svg]
[easetemplate.com/borrow/assets/images/icon/credit-card-icon-2.svg]
[easetemplate.com/borrow/assets/images/icon/credit-card-icon-4.svg]
[easetemplate.com/borrow/assets/images/icon/credit-card-icon-6.svg]
[easetemplate.com/borrow/assets/images/svg/note.svg]
[easetemplate.com/borrow/assets/images/svg/card-group.svg]
[easetemplate.com/borrow/assets/images/svg/card.svg]
[easetemplate.com/borrow/assets/images/icon/credit-card-icon-13.svg]
[easetemplate.com/borrow/assets/images/icon/credit-card-icon-11.svg]
[easetemplate.com/borrow/assets/images/icon/icon-1.svg]
[easetemplate.com/borrow/assets/images/icon/icon-2.svg]
[easetemplate.com/borrow/assets/images/icon/icon-3.svg]
[easetemplate.com/borrow/assets/images/icon/icon-4.svg]
[easetemplate.com/borrow/assets/images/svg/dougnut-small.svg]
[easetemplate.com/borrow/assets/images/svg/eligibility.svg]
[easetemplate.com/borrow/assets/images/svg/preapproval.svg]
[easetemplate.com/borrow/assets/images/svg/guaranteed.svg]
[easetemplate.com/borrow/assets/images/svg/fullstar.svg]
[easetemplate.com/borrow/pages/index.html]
[easetemplate.com/borrow/assets/images/svg/borrowforex-logo.svg]
[easetemplate.com/borrow/assets/images/svg/bm-maket-logo.svg]
[easetemplate.com/borrow/assets/images/svg/trade-x-logo.svg]
[easetemplate.com/borrow/assets/images/svg/forex-think-logo.svg]
[easetemplate.com/borrow/docs/gulp.html]
[easetemplate.com/borrow/docs/filestructure.html]
[easetemplate.com/borrow/docs/changelog.html]
[easetemplate.com/borrow/assets/libs/jquery-ui/themes/base/core.css]
[easetemplate.com/borrow/assets/libs/jquery-ui/themes/base/accordion.css]
[easetemplate.com/borrow/assets/libs/jquery-ui/themes/base/autocomplete.css]
[easetemplate.com/borrow/assets/libs/jquery-ui/themes/base/button.css]
[easetemplate.com/borrow/assets/libs/jquery-ui/themes/base/checkboxradio.css]
[easetemplate.com/borrow/assets/libs/jquery-ui/themes/base/controlgroup.css]
[easetemplate.com/borrow/assets/libs/jquery-ui/themes/base/datepicker.css]
[easetemplate.com/borrow/assets/libs/jquery-ui/themes/base/dialog.css]
[easetemplate.com/borrow/assets/libs/jquery-ui/themes/base/draggable.css]
[easetemplate.com/borrow/assets/libs/jquery-ui/themes/base/menu.css]
[easetemplate.com/borrow/assets/libs/jquery-ui/themes/base/progressbar.css]
[easetemplate.com/borrow/assets/libs/jquery-ui/themes/base/resizable.css]
[easetemplate.com/borrow/assets/libs/jquery-ui/themes/base/selectable.css]
[easetemplate.com/borrow/assets/libs/jquery-ui/themes/base/selectmenu.css]
[easetemplate.com/borrow/assets/libs/jquery-ui/themes/base/sortable.css]
[easetemplate.com/borrow/assets/libs/jquery-ui/themes/base/slider.css]
[easetemplate.com/borrow/assets/libs/jquery-ui/themes/base/spinner.css]
[easetemplate.com/borrow/assets/libs/jquery-ui/themes/base/tabs.css]
[easetemplate.com/borrow/assets/libs/jquery-ui/themes/base/tooltip.css]
