[htmldemo.net/airi/airi/index-07.html]
[htmldemo.net/airi/airi/assets/img/favicon.ico]
[backblue.gif]
[fade.gif]
[index.html]
[htmldemo.net/airi/airi/assets/img/icon.png]
[htmldemo.net/airi/airi/assets/css/bootstrap.css]
[htmldemo.net/airi/airi/assets/css/font-awesome.min.css]
[htmldemo.net/airi/airi/assets/css/dl-icon.css]
[htmldemo.net/airi/airi/assets/css/plugins.css]
[htmldemo.net/airi/airi/assets/css/revoulation.css]
[htmldemo.net/airi/airi/assets/css/main.css]
[htmldemo.net/airi/airi/assets/js/vendor/modernizr-2.8.3.min.js]
[htmldemo.net/airi/airi/index.html]
[htmldemo.net/airi/airi/assets/img/logo/logo.svg]
[htmldemo.net/airi/airi/my-account.html]
[htmldemo.net/airi/airi/cart.html]
[htmldemo.net/airi/airi/checkout.html]
[htmldemo.net/airi/airi/wishlist.html]
[htmldemo.net/airi/airi/order-tracking.html]
[htmldemo.net/airi/airi/compare.html]
[htmldemo.net/airi/airi/index-02.html]
[htmldemo.net/airi/airi/index-03.html]
[htmldemo.net/airi/airi/index-04.html]
[htmldemo.net/airi/airi/index-05.html]
[htmldemo.net/airi/airi/index-06.html]
[htmldemo.net/airi/airi/index-08.html]
[htmldemo.net/airi/airi/index-09.html]
[htmldemo.net/airi/airi/index-10.html]
[htmldemo.net/airi/airi/index-11.html]
[htmldemo.net/airi/airi/index-12.html]
[htmldemo.net/airi/airi/index-13.html]
[htmldemo.net/airi/airi/index-14.html]
[htmldemo.net/airi/airi/index-15.html]
[htmldemo.net/airi/airi/index-16.html]
[htmldemo.net/airi/airi/index-17.html]
[htmldemo.net/airi/airi/index-18.html]
[htmldemo.net/airi/airi/index-19.html]
[htmldemo.net/airi/airi/index-20.html]
[htmldemo.net/airi/airi/shop-sidebar.html]
[htmldemo.net/airi/airi/shop-fullwidth.html]
[htmldemo.net/airi/airi/shop-two-column.html]
[htmldemo.net/airi/airi/shop-three-column.html]
[htmldemo.net/airi/airi/shop-no-gutter.html]
[htmldemo.net/airi/airi/shop-list.html]
[htmldemo.net/airi/airi/product-details.html]
[htmldemo.net/airi/airi/product-details-02.html]
[htmldemo.net/airi/airi/product-details-sticky.html]
[htmldemo.net/airi/airi/product-details-gallery.html]
[htmldemo.net/airi/airi/product-details-sidebar.html]
[htmldemo.net/airi/airi/product-details-grouped.html]
[htmldemo.net/airi/airi/product-details-affiliate.html]
[htmldemo.net/airi/airi/product-details-configurable.html]
[htmldemo.net/airi/airi/about-us.html]
[htmldemo.net/airi/airi/blog.html]
[htmldemo.net/airi/airi/team.html]
[htmldemo.net/airi/airi/contact-us.html]
[htmldemo.net/airi/airi/contact-us-02.html]
[htmldemo.net/airi/airi/404.html]
[htmldemo.net/airi/airi/faqs-page.html]
[htmldemo.net/airi/airi/coming-soon.html]
[htmldemo.net/airi/airi/blog-02-columns.html]
[htmldemo.net/airi/airi/blog-03-columns.html]
[htmldemo.net/airi/airi/blog-standard.html]
[htmldemo.net/airi/airi/blog-no-sidebar.html]
[htmldemo.net/airi/airi/blog-masonary.html]
[htmldemo.net/airi/airi/single-post.html]
[htmldemo.net/airi/airi/single-post-sidebar.html]
[htmldemo.net/airi/airi/shop-instagram.html]
[htmldemo.net/airi/airi/assets/img/slider/home-07/m7-s1-1.jpg]
[htmldemo.net/airi/airi/assets/img/slider/home-07/m7-s2-1.jpg]
[htmldemo.net/airi/airi/assets/img/banner/m02-banner7.jpg]
[htmldemo.net/airi/airi/assets/img/banner/m02-banner6.jpg]
[htmldemo.net/airi/airi/assets/img/banner/m02-banner8.jpg]
[htmldemo.net/airi/airi/assets/img/banner/m02-banner9.jpg]
[htmldemo.net/airi/airi/assets/img/products/prod-17-1-1.jpg]
[htmldemo.net/airi/airi/assets/img/products/prod-17-4-1.jpg]
[htmldemo.net/airi/airi/assets/img/products/prod-16-4-1.jpg]
[htmldemo.net/airi/airi/assets/img/products/prod-16-1-1.jpg]
[htmldemo.net/airi/airi/assets/img/products/prod-3-2-1.jpg]
[htmldemo.net/airi/airi/assets/img/products/prod-3-3-1.jpg]
[htmldemo.net/airi/airi/assets/img/products/prod-11-1-1.jpg]
[htmldemo.net/airi/airi/assets/img/products/prod-11-2-1.jpg]
[htmldemo.net/airi/airi/assets/img/products/prod-10-1-1.jpg]
[htmldemo.net/airi/airi/assets/img/products/prod-10-3-1.jpg]
[htmldemo.net/airi/airi/assets/img/products/prod-19-4-1.jpg]
[htmldemo.net/airi/airi/assets/img/products/prod-19-1-1.jpg]
[htmldemo.net/airi/airi/assets/img/products/prod-9-1-1.jpg]
[htmldemo.net/airi/airi/assets/img/products/prod-9-2-1.jpg]
[htmldemo.net/airi/airi/assets/img/products/prod-7-2-1.jpg]
[htmldemo.net/airi/airi/assets/img/products/prod-7-1-1.jpg]
[htmldemo.net/airi/airi/assets/img/products/prod-20-1-1.jpg]
[htmldemo.net/airi/airi/assets/img/products/prod-20-2-1.jpg]
[htmldemo.net/airi/airi/assets/img/products/prod-15-1-1.jpg]
[htmldemo.net/airi/airi/assets/img/products/prod-15-3-1.jpg]
[htmldemo.net/airi/airi/assets/img/products/prod-4-3-1.jpg]
[htmldemo.net/airi/airi/assets/img/products/prod-4-2-1.jpg]
[htmldemo.net/airi/airi/assets/img/products/prod-12-1-1.jpg]
[htmldemo.net/airi/airi/assets/img/products/prod-12-4-1.jpg]
[htmldemo.net/airi/airi/assets/img/products/prod-6-1-1.jpg]
[htmldemo.net/airi/airi/assets/img/products/prod-6-4-1.jpg]
[htmldemo.net/airi/airi/assets/img/products/prod-8-2-1.jpg]
[htmldemo.net/airi/airi/assets/img/products/prod-8-1-1.jpg]
[htmldemo.net/airi/airi/assets/img/products/prod-2-1-1.jpg]
[htmldemo.net/airi/airi/assets/img/products/prod-2-3-1.jpg]
[htmldemo.net/airi/airi/assets/img/products/prod-19-1-568x653.jpg]
[htmldemo.net/airi/airi/assets/img/products/prod-19-4-568x653.jpg]
[htmldemo.net/airi/airi/assets/img/products/prod-1-1-568x653.jpg]
[htmldemo.net/airi/airi/assets/img/products/prod-1-4-568x653.jpg]
[htmldemo.net/airi/airi/assets/img/products/prod-2-1-568x653.jpg]
[htmldemo.net/airi/airi/assets/img/products/prod-2-3-568x653.jpg]
[htmldemo.net/airi/airi/assets/img/products/prod-3-2-568x653.jpg]
[htmldemo.net/airi/airi/assets/img/products/prod-3-3-568x653.jpg]
[htmldemo.net/airi/airi/assets/img/products/prod-4-3-568x653.jpg]
[htmldemo.net/airi/airi/assets/img/products/prod-4-2-568x653.jpg]
[htmldemo.net/airi/airi/assets/img/products/prod-5-3-568x653.jpg]
[htmldemo.net/airi/airi/assets/img/products/prod-5-4-568x653.jpg]
[htmldemo.net/airi/airi/assets/img/products/prod-17-1-568x653.jpg]
[htmldemo.net/airi/airi/assets/img/products/prod-17-4-568x653.jpg]
[htmldemo.net/airi/airi/assets/img/products/prod-16-4-568x653.jpg]
[htmldemo.net/airi/airi/assets/img/products/prod-16-1-568x653.jpg]
[htmldemo.net/airi/airi/assets/img/products/prod-11-1-568x653.jpg]
[htmldemo.net/airi/airi/assets/img/products/prod-11-2-568x653.jpg]
[htmldemo.net/airi/airi/assets/img/partner/logo-partner1.png]
[htmldemo.net/airi/airi/assets/img/partner/logo-partner2.png]
[htmldemo.net/airi/airi/assets/img/partner/logo-partner3.png]
[htmldemo.net/airi/airi/assets/img/partner/logo-partner4.png]
[htmldemo.net/airi/airi/assets/img/partner/logo-partner5.png]
[htmldemo.net/airi/airi/assets/img/partner/logo-partner6.png]
[htmldemo.net/airi/airi/assets/img/logo/logo-white.png]
[htmldemo.net/airi/airi/shop-collections.html]
[htmldemo.net/airi/airi/assets/img/others/payments.png]
[htmldemo.net/airi/airi/assets/img/products/prod-17-1-70x91.jpg]
[htmldemo.net/airi/airi/assets/img/products/prod-18-1-70x91.jpg]
[htmldemo.net/airi/airi/assets/img/products/prod-19-1-70x91.jpg]
[htmldemo.net/airi/airi/assets/img/products/prod-2-1-70x91.jpg]
[htmldemo.net/airi/airi/assets/img/products/prod-9-1.jpg]
[htmldemo.net/airi/airi/assets/img/products/prod-10-1.jpg]
[htmldemo.net/airi/airi/assets/img/products/prod-11-1.jpg]
[htmldemo.net/airi/airi/assets/js/vendor/jquery.min.js]
[htmldemo.net/airi/airi/assets/js/bootstrap.bundle.min.js]
[htmldemo.net/airi/airi/assets/js/plugins.js]
[htmldemo.net/airi/airi/assets/js/ajax-mail.js]
[htmldemo.net/airi/airi/assets/js/main.js]
[htmldemo.net/airi/airi/assets/js/revoulation/jquery.themepunch.tools.min.js]
[htmldemo.net/airi/airi/assets/js/revoulation/jquery.themepunch.revolution.min.js]
[htmldemo.net/airi/airi/assets/js/revoulation/extensions/revolution.extension.actions.min.js]
[htmldemo.net/airi/airi/assets/js/revoulation/extensions/revolution.extension.carousel.min.js]
[htmldemo.net/airi/airi/assets/js/revoulation/extensions/revolution.extension.kenburn.min.js]
[htmldemo.net/airi/airi/assets/js/revoulation/extensions/revolution.extension.layeranimation.min.js]
[htmldemo.net/airi/airi/assets/js/revoulation/extensions/revolution.extension.migration.min.js]
[htmldemo.net/airi/airi/assets/js/revoulation/extensions/revolution.extension.navigation.min.js]
[htmldemo.net/airi/airi/assets/js/revoulation/extensions/revolution.extension.parallax.min.js]
[htmldemo.net/airi/airi/assets/js/revoulation/extensions/revolution.extension.slideanims.min.js]
[htmldemo.net/airi/airi/assets/js/revoulation/extensions/revolution.extension.video.min.js]
[htmldemo.net/airi/airi/index-07.html]
[htmldemo.net/airi/airi/assets/css/bootstrap.css]
[htmldemo.net/airi/airi/assets/js/revoulation.js]
[htmldemo.net/airi/airi/assets/fonts/fontawesome-webfont3e6e.eot]
[htmldemo.net/airi/airi/assets/fonts/fontawesome-webfontd41d.eot]
[htmldemo.net/airi/airi/assets/fonts/fontawesome-webfont3e6e.woff2]
[htmldemo.net/airi/airi/assets/fonts/fontawesome-webfont3e6e.woff]
[htmldemo.net/airi/airi/assets/fonts/fontawesome-webfont3e6e.ttf]
[htmldemo.net/airi/airi/assets/css/font-awesome.min.css]
[htmldemo.net/airi/airi/assets/fonts/fontawesome-webfont3e6e.svg]
[htmldemo.net/airi/airi/assets/fonts/dl-iconeb4f.eot]
[htmldemo.net/airi/airi/assets/fonts/dl-icon0176]
[htmldemo.net/airi/airi/assets/fonts/dl-iconeb4f.woff]
[htmldemo.net/airi/airi/assets/fonts/dl-iconeb4f.ttf]
[htmldemo.net/airi/airi/assets/css/dl-icon.css]
[htmldemo.net/airi/airi/assets/fonts/dl-iconf9e3.svg]
[htmldemo.net/airi/airi/assets/css/images/ui-bg_glass_75_dadada_1x400.png]
[htmldemo.net/airi/airi/assets/css/images/ui-bg_glass_65_ffffff_1x400.png]
[htmldemo.net/airi/airi/assets/css/images/ui-bg_glass_55_fbf9ee_1x400.png]
[htmldemo.net/airi/airi/assets/css/images/ui-bg_glass_95_fef1ec_1x400.png]
[htmldemo.net/airi/airi/assets/css/images/ui-icons_222222_256x240.png]
[htmldemo.net/airi/airi/assets/css/images/ui-icons_888888_256x240.png]
[htmldemo.net/airi/airi/assets/css/images/ui-icons_454545_256x240.png]
[htmldemo.net/airi/airi/assets/css/images/ui-icons_2e83ff_256x240.png]
[htmldemo.net/airi/airi/assets/css/images/ui-icons_cd0a0a_256x240.png]
[htmldemo.net/airi/airi/assets/css/images/ui-bg_flat_0_aaaaaa_40x100.png]
[htmldemo.net/airi/airi/assets/fonts/lg8306.ttf]
[htmldemo.net/airi/airi/assets/fonts/lg8306.woff]
[htmldemo.net/airi/airi/assets/fonts/lg8306.svg]
[htmldemo.net/airi/airi/assets/img/vimeo-play.png]
[htmldemo.net/airi/airi/assets/img/video-play.png]
[htmldemo.net/airi/airi/assets/img/youtube-play.png]
[htmldemo.net/airi/airi/assets/img/loading.gif]
[htmldemo.net/airi/airi/assets/css/plugins.css]
[htmldemo.net/airi/airi/assets/fonts/revicons/revicons90c6.eot]
[htmldemo.net/airi/airi/assets/fonts/revicons/revicons90c6.woff]
[htmldemo.net/airi/airi/assets/fonts/revicons/revicons90c6.ttf]
[htmldemo.net/airi/airi/assets/fonts/revicons/revicons90c6.svg]
[htmldemo.net/airi/airi/assets/img/icons/openhand.cur]
[htmldemo.net/airi/airi/assets/img/icons/closedhand.cur]
[htmldemo.net/airi/airi/assets/img/slider/coloredbg.png]
[htmldemo.net/airi/airi/assets/img/slider/loader.gif]
[htmldemo.net/airi/airi/assets/css/revoulation.css]
[htmldemo.net/airi/airi/assets/img/others/faqs-bg1.jpg]
[htmldemo.net/airi/airi/assets/img/icons/button-play.png]
[htmldemo.net/airi/airi/assets/img/banner/bg-newsletter.jpg]
[htmldemo.net/airi/airi/assets/img/banner/banner-in-menu.jpg]
[htmldemo.net/airi/airi/assets/img/banner/m02-bg.jpg]
[htmldemo.net/airi/airi/assets/img/banner/m07-bg1.jpg]
[htmldemo.net/airi/airi/assets/img/banner/m09-bg1.jpg]
[htmldemo.net/airi/airi/assets/img/banner/m11-bg2.jpg]
[htmldemo.net/airi/airi/assets/img/banner/m12-bg2.jpg]
[htmldemo.net/airi/airi/assets/img/banner/m13-bg2.jpg]
[htmldemo.net/airi/airi/assets/img/banner/m12-bg1.jpg]
[htmldemo.net/airi/airi/assets/img/banner/m13-bg1.jpg]
[htmldemo.net/airi/airi/assets/img/about/about-bg1.jpg]
[htmldemo.net/airi/airi/assets/img/banner/m16-bg1.png]
[htmldemo.net/airi/airi/assets/img/banner/m11-bg1.jpg]
[htmldemo.net/airi/airi/assets/img/banner/leaf.png]
[htmldemo.net/airi/airi/assets/img/others/coming-soon-bg.jpg]
[htmldemo.net/airi/airi/assets/css/main.css]
[htmldemo.net/airi/airi/assets/img/slider/home-01/100x50_m1-s1-1.jpg]
[htmldemo.net/airi/airi/assets/img/slider/home-01/m1-s1-1.jpg]
[htmldemo.net/airi/airi/assets/img/slider/home-01/m1-s1-1-1.png]
[htmldemo.net/airi/airi/assets/img/slider/home-01/m1-s1-2.jpg]
[htmldemo.net/airi/airi/assets/img/slider/home-01/m1-s1-3.jpg]
[htmldemo.net/airi/airi/assets/img/logo/m01-logo.png]
[htmldemo.net/airi/airi/assets/img/banner/m01-img1.jpg]
[htmldemo.net/airi/airi/assets/img/products/prod-20-1.jpg]
[htmldemo.net/airi/airi/assets/img/products/prod-20-2.jpg]
[htmldemo.net/airi/airi/assets/img/products/prod-19-4.jpg]
[htmldemo.net/airi/airi/assets/img/products/prod-19-1.jpg]
[htmldemo.net/airi/airi/assets/img/products/prod-18-1.jpg]
[htmldemo.net/airi/airi/assets/img/products/prod-18-4.jpg]
[htmldemo.net/airi/airi/assets/img/products/prod-17-1.jpg]
[htmldemo.net/airi/airi/assets/img/products/prod-17-4.jpg]
[htmldemo.net/airi/airi/assets/img/products/prod-16-4.jpg]
[htmldemo.net/airi/airi/assets/img/products/prod-16-1.jpg]
[htmldemo.net/airi/airi/assets/img/products/prod-15-1.jpg]
[htmldemo.net/airi/airi/assets/img/products/prod-15-3.jpg]
[htmldemo.net/airi/airi/assets/img/products/prod-14-2.jpg]
[htmldemo.net/airi/airi/assets/img/products/prod-14-1.jpg]
[htmldemo.net/airi/airi/assets/img/products/prod-13-1.jpg]
[htmldemo.net/airi/airi/assets/img/products/prod-13-2.jpg]
[htmldemo.net/airi/airi/assets/img/products/prod-12-1.jpg]
[htmldemo.net/airi/airi/assets/img/products/prod-12-4.jpg]
[htmldemo.net/airi/airi/assets/img/products/prod-11-2.jpg]
[htmldemo.net/airi/airi/assets/img/products/prod-10-3.jpg]
[htmldemo.net/airi/airi/assets/img/products/prod-9-2.jpg]
[htmldemo.net/airi/airi/assets/img/banner/m01-collection1.jpg]
[htmldemo.net/airi/airi/assets/img/banner/m01-collection2.jpg]
[htmldemo.net/airi/airi/assets/img/banner/m01-collection3.jpg]
[htmldemo.net/airi/airi/assets/img/blog/image-545x363.jpg]
[htmldemo.net/airi/airi/assets/img/blog/blog-12-545x363.jpg]
[htmldemo.net/airi/airi/assets/img/blog/blog-13-545x363.jpg]
[htmldemo.net/airi/airi/assets/img/blog/blog-11-545x363.jpg]
[htmldemo.net/airi/airi/index.html]
[htmldemo.net/airi/airi/assets/img/logo/logo.svg]
[htmldemo.net/airi/airi/login-register.html]
[htmldemo.net/airi/airi/my-account.html]
[htmldemo.net/airi/airi/assets/img/others/payments-2.png]
[htmldemo.net/airi/airi/assets/img/products/prod-14-2-70x81.jpg]
[htmldemo.net/airi/airi/assets/img/products/prod-9-1-70x81.jpg]
[htmldemo.net/airi/airi/assets/img/products/prod-10-1-70x81.jpg]
[htmldemo.net/airi/airi/assets/img/products/prod-11-1-70x81.jpg]
[htmldemo.net/airi/airi/cart.html]
[htmldemo.net/airi/airi/checkout.html]
[htmldemo.net/airi/airi/wishlist.html]
[htmldemo.net/airi/airi/order-tracking.html]
[htmldemo.net/airi/airi/assets/img/products/prod-18-1-120x138.jpg]
[htmldemo.net/airi/airi/assets/img/products/prod-13-1-120x138.jpg]
[htmldemo.net/airi/airi/assets/img/products/prod-14-1-120x138.jpg]
[htmldemo.net/airi/airi/compare.html]
[htmldemo.net/airi/airi/assets/img/slider/home-02/m2-s1-1.jpg]
[htmldemo.net/airi/airi/assets/img/slider/home-02/m2-s2-1.jpg]
[htmldemo.net/airi/airi/assets/img/slider/home-02/m2-s3-1.jpg]
[htmldemo.net/airi/airi/assets/img/banner/m02-banner1.jpg]
[htmldemo.net/airi/airi/assets/img/banner/m02-banner2.jpg]
[htmldemo.net/airi/airi/assets/img/banner/m02-banner3.jpg]
[htmldemo.net/airi/airi/assets/img/banner/m02-banner4.jpg]
[htmldemo.net/airi/airi/assets/img/banner/m02-banner5.jpg]
[htmldemo.net/airi/airi/assets/img/icons/icon-1.png]
[htmldemo.net/airi/airi/assets/img/icons/icon-2.png]
[htmldemo.net/airi/airi/assets/img/icons/icon-3.png]
[htmldemo.net/airi/airi/assets/img/icons/icon-4.png]
[htmldemo.net/airi/airi/assets/img/products/prod-19-4-500x475.jpg]
[htmldemo.net/airi/airi/assets/img/products/prod-19-1-500x475.jpg]
[htmldemo.net/airi/airi/assets/img/products/prod-18-1-500x475.jpg]
[htmldemo.net/airi/airi/assets/img/products/prod-18-4-500x475.jpg]
[htmldemo.net/airi/airi/assets/img/products/prod-16-4-500x475.jpg]
[htmldemo.net/airi/airi/assets/img/products/prod-16-1-500x475.jpg]
[htmldemo.net/airi/airi/assets/img/products/prod-15-1-500x475.jpg]
[htmldemo.net/airi/airi/assets/img/products/prod-15-3-500x475.jpg]
[htmldemo.net/airi/airi/assets/img/products/prod-13-1-500x475.jpg]
[htmldemo.net/airi/airi/assets/img/products/prod-13-2-500x475.jpg]
[htmldemo.net/airi/airi/assets/img/products/prod-1-1-500x475.jpg]
[htmldemo.net/airi/airi/assets/img/products/prod-20-1-500x475.jpg]
[htmldemo.net/airi/airi/assets/img/products/prod-20-2-500x475.jpg]
[htmldemo.net/airi/airi/assets/img/products/prod-17-1-500x475.jpg]
[htmldemo.net/airi/airi/assets/img/products/prod-17-4-500x475.jpg]
[htmldemo.net/airi/airi/assets/img/products/prod-12-1-500x475.jpg]
[htmldemo.net/airi/airi/assets/img/products/prod-12-4-500x475.jpg]
[htmldemo.net/airi/airi/assets/img/products/prod-11-1-500x475.jpg]
[htmldemo.net/airi/airi/assets/img/products/prod-11-2-500x475.jpg]
[htmldemo.net/airi/airi/assets/img/products/prod-9-1-500x475.jpg]
[htmldemo.net/airi/airi/assets/img/products/prod-9-2-500x475.jpg]
[htmldemo.net/airi/airi/assets/img/products/prod-8-1-500x475.jpg]
[htmldemo.net/airi/airi/assets/img/products/prod-8-2-500x475.jpg]
[htmldemo.net/airi/airi/assets/img/products/prod-6-1-500x475.jpg]
[htmldemo.net/airi/airi/assets/img/products/prod-6-4-500x475.jpg]
[htmldemo.net/airi/airi/assets/img/products/m02-mockup.png]
[htmldemo.net/airi/airi/index-02.html]
[htmldemo.net/airi/airi/assets/img/slider/home-03/transparent.png]
[htmldemo.net/airi/airi/assets/img/slider/home-03/m3-s1-5.png]
[htmldemo.net/airi/airi/assets/img/slider/home-03/m3-s1-1.png]
[htmldemo.net/airi/airi/assets/img/slider/home-03/m3-s1-2.png]
[htmldemo.net/airi/airi/assets/img/slider/home-03/m3-s1-4.png]
[htmldemo.net/airi/airi/assets/img/slider/home-03/m3-s1-3.png]
[htmldemo.net/airi/airi/assets/img/slider/home-03/m3-s2-1.png]
[htmldemo.net/airi/airi/assets/img/slider/home-03/m3-s3-1.png]
[htmldemo.net/airi/airi/index-03.html]
[htmldemo.net/airi/airi/assets/img/slider/home-04/transparent.png]
[htmldemo.net/airi/airi/assets/img/slider/home-04/m4-s1-1.jpg]
[htmldemo.net/airi/airi/assets/img/slider/home-04/m4-s2-1.jpg]
[htmldemo.net/airi/airi/assets/img/slider/home-04/m4-s3-1.jpg]
[htmldemo.net/airi/airi/assets/img/banner/m04-c1-1.jpg]
[htmldemo.net/airi/airi/assets/img/banner/m04-c2-1.jpg]
[htmldemo.net/airi/airi/assets/img/banner/m04-c2-2.jpg]
[htmldemo.net/airi/airi/assets/img/banner/m04-c3-1.jpg]
[htmldemo.net/airi/airi/assets/img/banner/m04-mockup-1.png]
[htmldemo.net/airi/airi/assets/img/products/prod-17-1-500x575.jpg]
[htmldemo.net/airi/airi/assets/img/products/prod-17-4-500x575.jpg]
[htmldemo.net/airi/airi/assets/img/products/prod-16-4-500x575.jpg]
[htmldemo.net/airi/airi/assets/img/products/prod-16-1-500x575.jpg]
[htmldemo.net/airi/airi/assets/img/products/prod-3-2-500x575.jpg]
[htmldemo.net/airi/airi/assets/img/products/prod-3-3-500x575.jpg]
[htmldemo.net/airi/airi/assets/img/products/prod-11-1-500x575.jpg]
[htmldemo.net/airi/airi/assets/img/products/prod-11-2-500x575.jpg]
[htmldemo.net/airi/airi/assets/img/products/prod-10-1-500x575.jpg]
[htmldemo.net/airi/airi/assets/img/products/prod-10-3-500x575.jpg]
[htmldemo.net/airi/airi/assets/img/products/prod-19-4-500x575.jpg]
[htmldemo.net/airi/airi/assets/img/products/prod-19-1-500x575.jpg]
[htmldemo.net/airi/airi/assets/img/products/prod-9-1-500x575.jpg]
[htmldemo.net/airi/airi/assets/img/products/prod-9-2-500x575.jpg]
[htmldemo.net/airi/airi/assets/img/products/prod-7-2-500x575.jpg]
[htmldemo.net/airi/airi/assets/img/products/prod-7-1-500x575.jpg]
[htmldemo.net/airi/airi/index-04.html]
[htmldemo.net/airi/airi/assets/img/slider/home-05/m5-s1-1.jpg]
[htmldemo.net/airi/airi/assets/img/slider/home-05/m5-s2-1.jpg]
[htmldemo.net/airi/airi/assets/img/banner/m05-banner1.jpg]
[htmldemo.net/airi/airi/assets/img/banner/m05-banner2.jpg]
[htmldemo.net/airi/airi/index-05.html]
[htmldemo.net/airi/airi/assets/img/slider/home-06/m6-s1.jpg]
[htmldemo.net/airi/airi/assets/img/slider/home-06/m6-s1-2.png]
[htmldemo.net/airi/airi/assets/img/slider/home-06/m6-s1-3.png]
[htmldemo.net/airi/airi/assets/img/slider/home-06/m6-s1-1.png]
[htmldemo.net/airi/airi/assets/img/slider/home-06/m6-s2-1.jpg]
[htmldemo.net/airi/airi/assets/img/slider/home-06/m6-s1-4.png]
[htmldemo.net/airi/airi/assets/img/slider/home-06/m6-s2-2.png]
[htmldemo.net/airi/airi/assets/img/slider/home-06/m6-s3.jpg]
[htmldemo.net/airi/airi/assets/img/slider/home-06/m6-s3-1.png]
[htmldemo.net/airi/airi/assets/img/slider/home-06/m6-s1-5.png]
[htmldemo.net/airi/airi/index-06.html]
[htmldemo.net/airi/airi/assets/img/slider/home-06/m6-s4-1.png]
[htmldemo.net/airi/airi/index-08.html]
[htmldemo.net/airi/airi/assets/img/slider/home-09/transparent.png]
[htmldemo.net/airi/airi/assets/img/slider/home-09/m9-s1-3.png]
[htmldemo.net/airi/airi/assets/img/slider/home-09/m9-s1-1.png]
[htmldemo.net/airi/airi/assets/img/slider/home-09/m9-s1-2.png]
[htmldemo.net/airi/airi/assets/img/banner/m09-banner1.jpg]
[htmldemo.net/airi/airi/assets/img/banner/m09-banner2.jpg]
[htmldemo.net/airi/airi/assets/img/banner/m09-banner3.jpg]
[htmldemo.net/airi/airi/assets/img/banner/m09-banner4.jpg]
[htmldemo.net/airi/airi/index-09.html]
[htmldemo.net/airi/airi/assets/img/products/prod-3-2.jpg]
[htmldemo.net/airi/airi/assets/img/products/prod-3-3.jpg]
[htmldemo.net/airi/airi/assets/img/products/prod-6-1.jpg]
[htmldemo.net/airi/airi/index-10.html]
[htmldemo.net/airi/airi/assets/img/products/prod-6-4.jpg]
[htmldemo.net/airi/airi/assets/img/slider/home-11/m11-s1.jpg]
[htmldemo.net/airi/airi/assets/img/slider/home-11/m11-s1-1.png]
[htmldemo.net/airi/airi/assets/img/slider/home-11/m11-s2.jpg]
[htmldemo.net/airi/airi/assets/img/slider/home-11/m11-s2-1.png]
[htmldemo.net/airi/airi/assets/img/slider/home-11/m11-s3.jpg]
[htmldemo.net/airi/airi/assets/img/banner/m11-banner2.jpg]
[htmldemo.net/airi/airi/assets/img/banner/m11-banner3.jpg]
[htmldemo.net/airi/airi/assets/img/banner/m11-banner4.jpg]
[htmldemo.net/airi/airi/assets/img/banner/m11-banner5.jpg]
[htmldemo.net/airi/airi/assets/img/banner/m11-banner6.jpg]
[htmldemo.net/airi/airi/assets/img/banner/m11-banner7.jpg]
[htmldemo.net/airi/airi/assets/img/banner/m11-banner8.jpg]
[htmldemo.net/airi/airi/assets/img/banner/m11-banner9.jpg]
[htmldemo.net/airi/airi/index-11.html]
[htmldemo.net/airi/airi/assets/img/slider/home-12/transparent.png]
[htmldemo.net/airi/airi/assets/img/slider/home-12/m13-s1-2.png]
[htmldemo.net/airi/airi/assets/img/slider/home-12/m13-s2-2.png]
[htmldemo.net/airi/airi/assets/img/slider/home-12/m13-s3-2.png]
[htmldemo.net/airi/airi/assets/img/banner/m12-banner1.jpg]
[htmldemo.net/airi/airi/assets/img/banner/m12-banner2.jpg]
[htmldemo.net/airi/airi/assets/img/banner/m12-banner3.jpg]
[htmldemo.net/airi/airi/assets/img/banner/m12-banner4.jpg]
[htmldemo.net/airi/airi/assets/img/icons/m12-icon1.png]
[htmldemo.net/airi/airi/assets/img/icons/m12-icon2.png]
[htmldemo.net/airi/airi/assets/img/icons/m12-icon3.png]
[htmldemo.net/airi/airi/assets/img/icons/m12-icon4.png]
[htmldemo.net/airi/airi/assets/img/icons/m12-icon5.png]
[htmldemo.net/airi/airi/assets/img/products/prod-40-1.jpg]
[htmldemo.net/airi/airi/assets/img/products/prod-38-2-500x500.jpg]
[htmldemo.net/airi/airi/assets/img/products/prod-31-1.jpg]
[htmldemo.net/airi/airi/assets/img/products/prod-31-2-500x500.jpg]
[htmldemo.net/airi/airi/assets/img/products/prod-37-1.jpg]
[htmldemo.net/airi/airi/assets/img/products/prod-37-2-500x500.jpg]
[htmldemo.net/airi/airi/assets/img/products/prod-21-3.jpg]
[htmldemo.net/airi/airi/assets/img/products/prod-21-2-500x500.jpg]
[htmldemo.net/airi/airi/assets/img/products/prod-26-1.jpg]
[htmldemo.net/airi/airi/assets/img/products/prod-23-1.jpg]
[htmldemo.net/airi/airi/assets/img/products/prod-38-1.jpg]
[htmldemo.net/airi/airi/assets/img/products/prod-24-2.jpg]
[htmldemo.net/airi/airi/assets/img/products/prod-36-1.jpg]
[htmldemo.net/airi/airi/assets/img/products/prod-36-2-500x500.jpg]
[htmldemo.net/airi/airi/assets/img/products/prod-22-1.jpg]
[htmldemo.net/airi/airi/assets/img/products/prod-22-2-500x500.jpg]
[htmldemo.net/airi/airi/assets/img/products/prod-33-1.jpg]
[htmldemo.net/airi/airi/assets/img/products/prod-33-2-500x500.jpg]
[htmldemo.net/airi/airi/assets/img/products/prod-35-2.jpg]
[htmldemo.net/airi/airi/assets/img/products/prod-35-1-500x500.jpg]
[htmldemo.net/airi/airi/assets/img/products/prod-28-2.jpg]
[htmldemo.net/airi/airi/assets/img/products/prod-28-1-500x500.jpg]
[htmldemo.net/airi/airi/assets/img/products/prod-30-1.jpg]
[htmldemo.net/airi/airi/assets/img/products/prod-30-2-500x500.jpg]
[htmldemo.net/airi/airi/assets/img/products/prod-32-1.jpg]
[htmldemo.net/airi/airi/assets/img/products/prod-32-2-500x500.jpg]
[htmldemo.net/airi/airi/assets/img/products/prod-34-1-1.jpg]
[htmldemo.net/airi/airi/assets/img/products/prod-34-2-500x500.jpg]
[htmldemo.net/airi/airi/assets/img/blog/blog-f-1.jpg]
[htmldemo.net/airi/airi/index-12.html]
[htmldemo.net/airi/airi/assets/img/blog/blog-f-2-1.jpg]
[htmldemo.net/airi/airi/assets/img/slider/home-13/transparent.png]
[htmldemo.net/airi/airi/assets/img/slider/home-13/m13-s1-1.png]
[htmldemo.net/airi/airi/assets/img/slider/home-13/m6-s1.jpg]
[htmldemo.net/airi/airi/assets/img/slider/home-13/m13-s2-1.png]
[htmldemo.net/airi/airi/assets/img/icons/icon-5.png]
[htmldemo.net/airi/airi/assets/img/icons/icon-6.png]
[htmldemo.net/airi/airi/assets/img/icons/icon-7.png]
[htmldemo.net/airi/airi/assets/img/icons/icon-8.png]
[htmldemo.net/airi/airi/assets/img/banner/m13-banner1.jpg]
[htmldemo.net/airi/airi/assets/img/banner/m13-banner2.jpg]
[htmldemo.net/airi/airi/assets/img/banner/m13-banner3.jpg]
[htmldemo.net/airi/airi/assets/img/banner/m13-banner4.jpg]
[htmldemo.net/airi/airi/assets/img/banner/m13-banner5.jpg]
[htmldemo.net/airi/airi/assets/img/banner/m13-banner6.jpg]
[htmldemo.net/airi/airi/assets/img/others/happy-client-1.jpg]
[htmldemo.net/airi/airi/assets/img/others/happy-client-2.jpg]
[htmldemo.net/airi/airi/assets/img/about/m13-bg3.jpg]
[htmldemo.net/airi/airi/index-13.html]
[htmldemo.net/airi/airi/assets/img/slider/home-14/transparent.png]
[htmldemo.net/airi/airi/assets/img/slider/home-14/m14-s1-1.png]
[htmldemo.net/airi/airi/assets/img/slider/home-14/m14-s2-1.jpg]
[htmldemo.net/airi/airi/index-14.html]
[htmldemo.net/airi/airi/assets/img/slider/home-15/m15-s1-1.jpg]
[htmldemo.net/airi/airi/assets/img/slider/home-15/m15-s1-2.png]
[htmldemo.net/airi/airi/assets/img/banner/m15-banner1.jpg]
[htmldemo.net/airi/airi/assets/img/banner/m15-banner2.jpg]
[htmldemo.net/airi/airi/assets/img/banner/m15-banner3.jpg]
[htmldemo.net/airi/airi/assets/img/banner/m15-banner4.jpg]
[htmldemo.net/airi/airi/assets/img/banner/m15-banner5.jpg]
[htmldemo.net/airi/airi/assets/img/banner/m15-banner6.jpg]
[htmldemo.net/airi/airi/index-15.html]
[htmldemo.net/airi/airi/assets/img/banner/m16-banner1.jpg]
[htmldemo.net/airi/airi/assets/img/banner/m16-banner2.jpg]
[htmldemo.net/airi/airi/assets/img/banner/m16-banner3.jpg]
[htmldemo.net/airi/airi/index-16.html]
[htmldemo.net/airi/airi/assets/img/slider/home-17/transparent.png]
[htmldemo.net/airi/airi/assets/img/slider/home-17/m17-s1-1.png]
[htmldemo.net/airi/airi/assets/img/slider/home-17/m17-s2-1.png]
[htmldemo.net/airi/airi/assets/img/slider/home-17-product/transparent.png]
[htmldemo.net/airi/airi/assets/img/slider/home-17-product/m17-bg1.png]
[htmldemo.net/airi/airi/assets/img/slider/home-17-product/m17-bg2.png]
[htmldemo.net/airi/airi/assets/img/banner/m19-bg2.png]
[htmldemo.net/airi/airi/index-17.html]
[htmldemo.net/airi/airi/assets/img/banner/m18-banner1.jpg]
[htmldemo.net/airi/airi/assets/img/banner/m18-banner2.jpg]
[htmldemo.net/airi/airi/assets/img/banner/m18-banner4.jpg]
[htmldemo.net/airi/airi/assets/img/banner/m18-banner3.jpg]
[htmldemo.net/airi/airi/assets/img/banner/m18-banner5.jpg]
[htmldemo.net/airi/airi/assets/img/banner/m18-banner6.jpg]
[htmldemo.net/airi/airi/assets/img/banner/m18-banner7.jpg]
[htmldemo.net/airi/airi/assets/img/banner/m18-banner8.jpg]
[htmldemo.net/airi/airi/index-18.html]
[htmldemo.net/airi/airi/assets/img/slider/home-19/transparent.png]
[htmldemo.net/airi/airi/assets/img/slider/home-19/m19-s3-1.png]
[htmldemo.net/airi/airi/assets/img/slider/home-19/m19-s2-1.png]
[htmldemo.net/airi/airi/assets/img/slider/home-19/m19-s1-1.png]
[htmldemo.net/airi/airi/index-19.html]
[htmldemo.net/airi/airi/assets/img/slider/home-20/transparent.png]
[htmldemo.net/airi/airi/assets/img/slider/home-20/m13-s1-2.png]
[htmldemo.net/airi/airi/assets/img/slider/home-20/m13-s2-2.png]
[htmldemo.net/airi/airi/index-20.html]
[htmldemo.net/airi/airi/assets/img/banner/m17-s1-1.png]
[htmldemo.net/airi/airi/assets/img/products/prod-8-2.jpg]
[htmldemo.net/airi/airi/assets/img/products/prod-8-1.jpg]
[htmldemo.net/airi/airi/assets/img/products/prod-7-2.jpg]
[htmldemo.net/airi/airi/assets/img/products/prod-7-1.jpg]
[htmldemo.net/airi/airi/assets/img/products/prod-5-3.jpg]
[htmldemo.net/airi/airi/assets/img/products/prod-5-4.jpg]
[htmldemo.net/airi/airi/assets/img/products/prod-4-3.jpg]
[htmldemo.net/airi/airi/assets/img/products/prod-4-2.jpg]
[htmldemo.net/airi/airi/assets/img/products/prod-2-1.jpg]
[htmldemo.net/airi/airi/assets/img/products/prod-2-3.jpg]
[htmldemo.net/airi/airi/assets/img/products/prod-1-1.jpg]
[htmldemo.net/airi/airi/assets/img/products/prod-1-4.jpg]
[htmldemo.net/airi/airi/assets/img/banner/ad-banner.jpg]
[htmldemo.net/airi/airi/shop-sidebar.html]
[htmldemo.net/airi/airi/shop-fullwidth.html]
[htmldemo.net/airi/airi/assets/img/products/prod-20-1-568x653.jpg]
[htmldemo.net/airi/airi/assets/img/products/prod-20-2-568x653.jpg]
[htmldemo.net/airi/airi/assets/img/products/prod-18-1-568x653.jpg]
[htmldemo.net/airi/airi/assets/img/products/prod-18-4-568x653.jpg]
[htmldemo.net/airi/airi/assets/img/products/prod-15-1-568x653.jpg]
[htmldemo.net/airi/airi/shop-two-column.html]
[htmldemo.net/airi/airi/assets/img/products/prod-15-3-568x653.jpg]
[htmldemo.net/airi/airi/shop-three-column.html]
[htmldemo.net/airi/airi/shop-no-gutter.html]
[htmldemo.net/airi/airi/shop-list.html]
[htmldemo.net/airi/airi/assets/img/products/prod-19-1-2.jpg]
[htmldemo.net/airi/airi/assets/img/products/prod-19-2-2.jpg]
[htmldemo.net/airi/airi/assets/img/products/prod-19-3-2.jpg]
[htmldemo.net/airi/airi/assets/img/products/prod-19-4-2.jpg]
[htmldemo.net/airi/airi/assets/img/products/prod-19-1-big.jpg]
[htmldemo.net/airi/airi/assets/img/products/prod-19-2-big.jpg]
[htmldemo.net/airi/airi/assets/img/products/prod-19-3-big.jpg]
[htmldemo.net/airi/airi/assets/img/products/prod-19-4-big.jpg]
[htmldemo.net/airi/airi/assets/img/others/comment-icon-2.jpg]
[htmldemo.net/airi/airi/product-details.html]
[htmldemo.net/airi/airi/product-details-02.html]
[htmldemo.net/airi/airi/assets/img/products/prod-18-1-big.jpg]
[htmldemo.net/airi/airi/assets/img/products/prod-18-4-big.jpg]
[htmldemo.net/airi/airi/assets/img/products/prod-18-2.jpg]
[htmldemo.net/airi/airi/assets/img/products/prod-18-3.jpg]
[htmldemo.net/airi/airi/product-details-sticky.html]
[htmldemo.net/airi/airi/assets/img/products/prod-15-4.jpg]
[htmldemo.net/airi/airi/assets/img/products/prod-15-2.jpg]
[htmldemo.net/airi/airi/assets/img/products/prod-15-6.jpg]
[htmldemo.net/airi/airi/product-details-gallery.html]
[htmldemo.net/airi/airi/product-details-sidebar.html]
[htmldemo.net/airi/airi/product-details-grouped.html]
[htmldemo.net/airi/airi/product-details-affiliate.html]
[htmldemo.net/airi/airi/product-details-configurable.html]
[htmldemo.net/airi/airi/assets/img/about/about-signature.png]
[htmldemo.net/airi/airi/assets/img/about/about-bg2.jpg]
[htmldemo.net/airi/airi/assets/img/about/about-bg3.jpg]
[htmldemo.net/airi/airi/assets/img/team/member-1.jpg]
[htmldemo.net/airi/airi/assets/img/team/member-2.jpg]
[htmldemo.net/airi/airi/assets/img/team/member-3.jpg]
[htmldemo.net/airi/airi/assets/img/team/member-4.jpg]
[htmldemo.net/airi/airi/assets/img/team/member-5.jpg]
[htmldemo.net/airi/airi/assets/img/team/member-6.jpg]
[htmldemo.net/airi/airi/about-us.html]
[htmldemo.net/airi/airi/assets/img/blog/image.jpg]
[htmldemo.net/airi/airi/assets/img/blog/blog-13.jpg]
[htmldemo.net/airi/airi/assets/img/blog/blog-12.jpg]
[htmldemo.net/airi/airi/assets/img/blog/blog-11.jpg]
[htmldemo.net/airi/airi/assets/img/blog/blog-10.jpg]
[htmldemo.net/airi/airi/assets/img/blog/blog-9.jpg]
[htmldemo.net/airi/airi/assets/img/blog/blog-8-1.jpg]
[htmldemo.net/airi/airi/assets/img/blog/blog-7-1.jpg]
[htmldemo.net/airi/airi/assets/img/blog/image-70x70.jpg]
[htmldemo.net/airi/airi/assets/img/blog/blog-13-70x70.jpg]
[htmldemo.net/airi/airi/assets/img/blog/blog-12-70x70.jpg]
[htmldemo.net/airi/airi/assets/img/blog/blog-11-70x70.jpg]
[htmldemo.net/airi/airi/blog.html]
[htmldemo.net/airi/airi/assets/img/team/member-7.jpg]
[htmldemo.net/airi/airi/assets/img/team/member-8.jpg]
[htmldemo.net/airi/airi/assets/img/team/member-9.jpg]
[htmldemo.net/airi/airi/team.html]
[htmldemo.net/airi/airi/contact-us.html]
[htmldemo.net/airi/airi/contact-us-02.html]
[htmldemo.net/airi/airi/assets/img/others/404-img.png]
[htmldemo.net/airi/airi/404.html]
[htmldemo.net/airi/airi/faqs-page.html]
[htmldemo.net/airi/airi/assets/img/logo/airi.png]
[htmldemo.net/airi/airi/coming-soon.html]
[htmldemo.net/airi/airi/blog-02-columns.html]
[htmldemo.net/airi/airi/assets/img/blog/blog-6.jpg]
[htmldemo.net/airi/airi/blog-03-columns.html]
[htmldemo.net/airi/airi/blog-standard.html]
[htmldemo.net/airi/airi/blog-no-sidebar.html]
[htmldemo.net/airi/airi/assets/img/blog/blog-7.jpg]
[htmldemo.net/airi/airi/assets/img/blog/blog-10-1000x600.jpg]
[htmldemo.net/airi/airi/assets/img/blog/blog-8.jpg]
[htmldemo.net/airi/airi/assets/img/blog/blog-5.jpg]
[htmldemo.net/airi/airi/assets/img/blog/post-2-1.jpg]
[htmldemo.net/airi/airi/assets/img/blog/blog-14.jpg]
[htmldemo.net/airi/airi/assets/img/blog/blog-3.jpg]
[htmldemo.net/airi/airi/assets/img/blog/blog-2.jpg]
[htmldemo.net/airi/airi/assets/img/blog/blog-1.jpg]
[htmldemo.net/airi/airi/assets/img/blog/blog-4.jpg]
[htmldemo.net/airi/airi/assets/img/blog/post-1-1.jpg]
[htmldemo.net/airi/airi/assets/img/blog/blog-f-2.jpg]
[htmldemo.net/airi/airi/assets/img/blog/m2-s3-1.jpg]
[htmldemo.net/airi/airi/blog-masonary.html]
[htmldemo.net/airi/airi/assets/img/blog/post-1-2.jpg]
[htmldemo.net/airi/airi/assets/img/blog/m2-s3-1-100x100.jpg]
[htmldemo.net/airi/airi/assets/img/blog/post-2-1-100x100.jpg]
[htmldemo.net/airi/airi/assets/img/others/comment-1.jpg]
[htmldemo.net/airi/airi/assets/img/others/comment-2.jpg]
[htmldemo.net/airi/airi/assets/img/others/comment-3.jpg]
[htmldemo.net/airi/airi/assets/img/blog/blog-f-1-500x478.jpg]
[htmldemo.net/airi/airi/assets/img/blog/blog-11-500x478.jpg]
[htmldemo.net/airi/airi/single-post.html]
[htmldemo.net/airi/airi/assets/img/blog/blog-f-2-500x478.jpg]
[htmldemo.net/airi/airi/single-post-sidebar.html]
[htmldemo.net/airi/airi/shop-instagram.html]
[app.addsauce.com_443/widgets/widget_loader/c1dddb42-c5e8-4110-b8c9-57c54bead79a/grid.js]
[htmldemo.net/airi/airi/assets/img/banner/m07-banner1.jpg]
[htmldemo.net/airi/airi/assets/img/banner/m07-banner2.jpg]
[htmldemo.net/airi/airi/assets/img/banner/m07-banner3.jpg]
[htmldemo.net/airi/airi/assets/img/banner/m07-banner4.jpg]
[htmldemo.net/airi/airi/assets/img/banner/m07-banner5.jpg]
[htmldemo.net/airi/airi/shop-collections.html]
[htmldemo.net/airi/airi/assets/img/banner/m07-banner6.jpg]
[htmldemo.net/airi/airi/assets/fonts/fontawesome-webfont3e6e.svg]
[htmldemo.net/airi/airi/assets/fonts/dl-icon0176.html]
[htmldemo.net/airi/airi/assets/fonts/dl-iconf9e3.svg]
[htmldemo.net/airi/airi/assets/css/images/ui-bg_glass_75_dadada_1x400.html]
[htmldemo.net/airi/airi/assets/css/images/ui-bg_glass_65_ffffff_1x400.html]
[htmldemo.net/airi/airi/assets/css/images/ui-bg_glass_55_fbf9ee_1x400.html]
[htmldemo.net/airi/airi/assets/css/images/ui-bg_glass_95_fef1ec_1x400.html]
[htmldemo.net/airi/airi/assets/css/images/ui-icons_222222_256x240.html]
[htmldemo.net/airi/airi/assets/css/images/ui-icons_888888_256x240.html]
[htmldemo.net/airi/airi/assets/css/images/ui-icons_454545_256x240.html]
[htmldemo.net/airi/airi/assets/css/images/ui-icons_2e83ff_256x240.html]
[htmldemo.net/airi/airi/assets/css/images/ui-icons_cd0a0a_256x240.html]
[htmldemo.net/airi/airi/assets/css/images/ui-bg_flat_0_aaaaaa_40x100.html]
[htmldemo.net/airi/airi/assets/fonts/lg8306.svg]
[htmldemo.net/airi/airi/assets/img/vimeo-play.html]
[htmldemo.net/airi/airi/assets/img/video-play.html]
[htmldemo.net/airi/airi/assets/img/youtube-play.html]
[htmldemo.net/airi/airi/assets/fonts/revicons/revicons90c6.svg]
[htmldemo.net/airi/airi/login-register.html]
